// Jest Snapshot v1, https://goo.gl/fbAQLP

exports[`provider list command lists both local and prebuilt providers with tabular output 1`] = `
"───────────┬─────────────────────┬─────────┬─────────────────────┬─────────────┐
───         ───           ─       ──        ───────               ───
 Provider  │ Provider      CDKTF │         │ Package Name        │ Package     │
Name        Version               Constraint                      Version
───────────┼─────────────────────┼─────────┼─────────────────────┼─────────────┤
───         ───           ─       ──        ───────               ───
 local     │ 2.2.3               │ =2.2.3  │                     │             │

───────────┼─────────────────────┼─────────┼─────────────────────┼─────────────┤
───         ───           ─       ──        ───────               ───
 random    │ 3.2.0         ^0.10.│         │ cdktf-cdktf-provider│ 0.2.64      │
                                            random

───────────┴─────────────────────┴─────────┴─────────────────────┴─────────────┘
───         ───           ─       ──        ───────               ───
"
`;
